<html>
<body>
<pre>
<h1>µVision Build Log</h1>
<h2>Project:</h2>
E:\CloudStation\Projects\Mini Projects\I2C_test_GA\I2C_Test_GA.uvproj
Project File Date:  08/24/2016

<h2>Output:</h2>
Build target 'I2C'
compiling I2C0.c...
linking...
Program Size: Code=1896 RO-data=16 RW-data=0 ZI-data=1120  
".\I2C.axf" - 0 Error(s), 0 Warning(s).
Load "E:\\CloudStation\\Projects\\Mini Projects\\I2C_test_GA\\I2C.axf" 
Connecting: Mode=JTAG, Speed=1000000Hz
Erase Done.
Programming Done.
Verify OK.
</pre>
</body>
</html>
ion\\Projects\\Mini Projects\\I2C_test_GA\\I2C.axf" 
Connecting: Mode=JTAG, Speed=1000000Hz
Erase Done.
Programming Done.
Verify OK.
Zacc" was declared but never referenced
        unsigned short Zacc = 0;
I2CTestMain.c: 3 warnings, 1 error
".\I2C.axf" - 1 Error(s), 3 Warning(s).
Target not created
m Size: Code=1808 RO-data=16 RW-data=0 ZI-data=1120  
".\I2C.axf" - 0 Error(s), 3 Warning(s).
Load "E:\\CloudStation\\Projects\\Mini Projects\\I2C_test_GA\\I2C.axf" 
Connecting: Mode=JTAG, Speed=1000000Hz
Erase Done.
Programming Done.
Verify OK.
